[2025-03-09T00:33:50.553+0000] {taskinstance.py:1125} INFO - Dependencies all met for dep_context=non-requeueable deps ti=<TaskInstance: preprocess_penguins_data.save_processed_data manual__2025-03-09T00:33:47.586842+00:00 [queued]>
[2025-03-09T00:33:50.557+0000] {taskinstance.py:1125} INFO - Dependencies all met for dep_context=requeueable deps ti=<TaskInstance: preprocess_penguins_data.save_processed_data manual__2025-03-09T00:33:47.586842+00:00 [queued]>
[2025-03-09T00:33:50.557+0000] {taskinstance.py:1331} INFO - Starting attempt 1 of 1
[2025-03-09T00:33:50.564+0000] {taskinstance.py:1350} INFO - Executing <Task(PythonOperator): save_processed_data> on 2025-03-09 00:33:47.586842+00:00
[2025-03-09T00:33:50.567+0000] {standard_task_runner.py:57} INFO - Started process 706 to run task
[2025-03-09T00:33:50.570+0000] {standard_task_runner.py:84} INFO - Running: ['***', 'tasks', 'run', 'preprocess_penguins_data', 'save_processed_data', 'manual__2025-03-09T00:33:47.586842+00:00', '--job-id', '37', '--raw', '--subdir', 'DAGS_FOLDER/Procesa_data.py', '--cfg-path', '/tmp/tmpgz1uyg2d']
[2025-03-09T00:33:50.571+0000] {standard_task_runner.py:85} INFO - Job 37: Subtask save_processed_data
[2025-03-09T00:33:50.596+0000] {task_command.py:410} INFO - Running <TaskInstance: preprocess_penguins_data.save_processed_data manual__2025-03-09T00:33:47.586842+00:00 [running]> on host de40e2ed39bc
[2025-03-09T00:33:50.639+0000] {taskinstance.py:1570} INFO - Exporting env vars: AIRFLOW_CTX_DAG_OWNER='***' AIRFLOW_CTX_DAG_ID='preprocess_penguins_data' AIRFLOW_CTX_TASK_ID='save_processed_data' AIRFLOW_CTX_EXECUTION_DATE='2025-03-09T00:33:47.586842+00:00' AIRFLOW_CTX_TRY_NUMBER='1' AIRFLOW_CTX_DAG_RUN_ID='manual__2025-03-09T00:33:47.586842+00:00'
[2025-03-09T00:33:50.662+0000] {taskinstance.py:1847} ERROR - Task failed with exception
Traceback (most recent call last):
  File "/opt/airflow/dags/Procesa_data.py", line 121, in save_processed_data
    with open(file_path, "wb") as f:
FileNotFoundError: [Errno 2] No such file or directory: '/path/to/save/processed_data.pkl'

During handling of the above exception, another exception occurred:

Traceback (most recent call last):
  File "/home/airflow/.local/lib/python3.7/site-packages/airflow/operators/python.py", line 181, in execute
    return_value = self.execute_callable()
  File "/home/airflow/.local/lib/python3.7/site-packages/airflow/operators/python.py", line 198, in execute_callable
    return self.python_callable(*self.op_args, **self.op_kwargs)
  File "/opt/airflow/dags/Procesa_data.py", line 127, in save_processed_data
    raise ValueError(f"Error al guardar los datos como PKL: {str(e)}")
ValueError: Error al guardar los datos como PKL: [Errno 2] No such file or directory: '/path/to/save/processed_data.pkl'
[2025-03-09T00:33:50.666+0000] {taskinstance.py:1373} INFO - Marking task as FAILED. dag_id=preprocess_penguins_data, task_id=save_processed_data, execution_date=20250309T003347, start_date=20250309T003350, end_date=20250309T003350
[2025-03-09T00:33:50.672+0000] {standard_task_runner.py:109} ERROR - Failed to execute job 37 for task save_processed_data (Error al guardar los datos como PKL: [Errno 2] No such file or directory: '/path/to/save/processed_data.pkl'; 706)
[2025-03-09T00:33:50.700+0000] {local_task_job_runner.py:232} INFO - Task exited with return code 1
[2025-03-09T00:33:50.709+0000] {taskinstance.py:2674} INFO - 0 downstream tasks scheduled from follow-on schedule check
